============================================================
  Generated by:           Genus(TM) Synthesis Solution 21.14-s082_1
  Generated on:           Sep 30 2026  11:57:44 am
  Module:                 register_4bit_top
  Operating conditions:   fast (balanced_tree)
  Wireload mode:          enclosed
  Area mode:              timing library
============================================================

     Instance            Module        Cell Count  Cell Area  Net Area   Total Area   Wireload  
------------------------------------------------------------------------------------------------
register_4bit_top                              20    705.197     0.000      705.197 <none> (D)  
  ASYNC_REG       register_4bit_async           8    359.251     0.000      359.251 <none> (D)  
    DFF0          dff_async_reset               2     89.813     0.000       89.813 <none> (D)  
    DFF1          dff_async_reset_6             2     89.813     0.000       89.813 <none> (D)  
    DFF2          dff_async_reset_5             2     89.813     0.000       89.813 <none> (D)  
    DFF3          dff_async_reset_4             2     89.813     0.000       89.813 <none> (D)  
  SYNC_REG        register_4bit_sync           12    345.946     0.000      345.946 <none> (D)  
    DFF0          dff_sync_reset                3     86.486     0.000       86.486 <none> (D)  
    DFF1          dff_sync_reset_9              3     86.486     0.000       86.486 <none> (D)  
    DFF2          dff_sync_reset_8              3     86.486     0.000       86.486 <none> (D)  
    DFF3          dff_sync_reset_7              3     86.486     0.000       86.486 <none> (D)  
  (D) = wireload is default in technology library
