============================================================
  Generated by:           Genus(TM) Synthesis Solution 21.14-s082_1
  Generated on:           Sep 30 2026  11:57:44 am
  Module:                 register_4bit_top
  Operating conditions:   fast (balanced_tree)
  Wireload mode:          enclosed
  Area mode:              timing library
============================================================

                              
   Gate    Instances   Area    Library  
----------------------------------------
DFFHQX1            4  212.890    tsmc18 
INVXL              4   26.611    tsmc18 
MXI2X1             4   93.139    tsmc18 
NOR2X1             4   39.917    tsmc18 
SDFFRHQX1          4  332.640    tsmc18 
----------------------------------------
total             20  705.197           


                                        
     Type      Instances   Area  Area % 
----------------------------------------
sequential             8 545.530   77.4 
inverter               4  26.611    3.8 
logic                  8 133.056   18.9 
physical_cells         0   0.000    0.0 
----------------------------------------
total                 20 705.197  100.0 

