============================================================
  Generated by:           Genus(TM) Synthesis Solution 21.14-s082_1
  Generated on:           Sep 30 2026  11:57:44 am
  Module:                 register_4bit_top
  Operating conditions:   fast (balanced_tree)
  Wireload mode:          enclosed
  Area mode:              timing library
============================================================


Path 1: MET (7685 ps) Setup Check with Pin ASYNC_REG/DFF3/q_reg/CK->SI
          Group: clk
     Startpoint: (F) d[3]
          Clock: (R) clk
       Endpoint: (F) ASYNC_REG/DFF3/q_reg/SI
          Clock: (R) clk

                     Capture       Launch     
        Clock Edge:+   10000            0     
        Drv Adjust:+       0            0     
       Src Latency:+       0            0     
       Net Latency:+       0 (I)        0 (I) 
           Arrival:=   10000            0     
                                              
             Setup:-     315                  
       Uncertainty:-    1000                  
     Required Time:=    8685                  
      Launch Clock:-       0                  
       Input Delay:-    1000                  
         Data Path:-       0                  
             Slack:=    7685                  

Exceptions/Constraints:
  input_delay             1000            constraints_top.sdc_line_8 

#------------------------------------------------------------------------------------------------
#      Timing Point       Flags   Arc   Edge   Cell     Fanout Load Trans Delay Arrival Instance 
#                                                              (fF)  (ps)  (ps)   (ps)  Location 
#------------------------------------------------------------------------------------------------
  d[3]                    -       -     F     (arrival)      2  6.2     0     0    1000    (-,-) 
  ASYNC_REG/DFF3/q_reg/SI <<<     -     F     SDFFRHQX1      2    -     -     0    1000    (-,-) 
#------------------------------------------------------------------------------------------------

